{
  "endpoint": "csv",
  "file": "output-pipe-csv.csv",
  "pipe": "output-pipe-csv"
}