[
  {
    "_id": "test1",
    "name": "test1"
  },
  {
    "_id": "test2",
    "name": "test2"
  }
]
